

================================================================
== Vivado HLS Report for 'mem'
================================================================
* Date:           Wed Mar 25 22:21:26 2020

* Version:        2019.1 (Build 2552052 on Fri May 24 15:28:33 MDT 2019)
* Project:        Mem
* Solution:       solution2
* Product family: virtex7
* Target device:  xc7vx485t-ffg1157-1


================================================================
== Performance Estimates
================================================================
+ Timing (ns): 
    * Summary: 
    +--------+-------+----------+------------+
    |  Clock | Target| Estimated| Uncertainty|
    +--------+-------+----------+------------+
    |ap_clk  |   2.78|     2.514|        0.35|
    +--------+-------+----------+------------+

+ Latency (clock cycles): 
    * Summary: 
    +-----+-----+-----+-----+---------+
    |  Latency  |  Interval | Pipeline|
    | min | max | min | max |   Type  |
    +-----+-----+-----+-----+---------+
    |    1|    1|    1|    1|   none  |
    +-----+-----+-----+-----+---------+

    + Detail: 
        * Instance: 
        N/A

        * Loop: 
        N/A



================================================================
== Utilization Estimates
================================================================
* Summary: 
+-----------------+---------+-------+--------+--------+-----+
|       Name      | BRAM_18K| DSP48E|   FF   |   LUT  | URAM|
+-----------------+---------+-------+--------+--------+-----+
|DSP              |        -|      -|       -|       -|    -|
|Expression       |        -|      -|       0|      26|    -|
|FIFO             |        -|      -|       -|       -|    -|
|Instance         |        -|      -|       -|       -|    -|
|Memory           |        -|      -|       -|       -|    -|
|Multiplexer      |        -|      -|       -|     581|    -|
|Register         |        -|      -|    1049|       -|    -|
+-----------------+---------+-------+--------+--------+-----+
|Total            |        0|      0|    1049|     607|    0|
+-----------------+---------+-------+--------+--------+-----+
|Available        |     2060|   2800|  607200|  303600|    0|
+-----------------+---------+-------+--------+--------+-----+
|Utilization (%)  |        0|      0|   ~0   |   ~0   |    0|
+-----------------+---------+-------+--------+--------+-----+

+ Detail: 
    * Instance: 
    N/A

    * DSP48E: 
    N/A

    * Memory: 
    N/A

    * FIFO: 
    N/A

    * Expression: 
    +----------------------+----------+-------+---+----+------------+------------+
    |     Variable Name    | Operation| DSP48E| FF| LUT| Bitwidth P0| Bitwidth P1|
    +----------------------+----------+-------+---+----+------------+------------+
    |temp1_1_fu_1351_p2    |     +    |      0|  0|  15|           8|           1|
    |icmp_ln15_fu_1361_p2  |   icmp   |      0|  0|  11|           8|           8|
    +----------------------+----------+-------+---+----+------------+------------+
    |Total                 |          |      0|  0|  26|          16|           9|
    +----------------------+----------+-------+---+----+------------+------------+

    * Multiplexer: 
    +---------------+-----+-----------+-----+-----------+
    |      Name     | LUT | Input Size| Bits| Total Bits|
    +---------------+-----+-----------+-----+-----------+
    |ap_NS_fsm      |   15|          3|    1|          3|
    |out_r          |   21|          4|    8|         32|
    |temp1_reg_569  |  545|        128|    8|       1024|
    +---------------+-----+-----------+-----+-----------+
    |Total          |  581|        135|   17|       1059|
    +---------------+-----+-----------+-----+-----------+

    * Register: 
    +---------------+----+----+-----+-----------+
    |      Name     | FF | LUT| Bits| Const Bits|
    +---------------+----+----+-----+-----------+
    |ap_CS_fsm      |   2|   0|    2|          0|
    |saved          |   8|   0|    8|          0|
    |saved_0        |   8|   0|    8|          0|
    |saved_1        |   8|   0|    8|          0|
    |saved_10       |   8|   0|    8|          0|
    |saved_11       |   8|   0|    8|          0|
    |saved_12       |   8|   0|    8|          0|
    |saved_126      |   8|   0|    8|          0|
    |saved_127      |   8|   0|    8|          0|
    |saved_128      |   8|   0|    8|          0|
    |saved_129      |   8|   0|    8|          0|
    |saved_13       |   8|   0|    8|          0|
    |saved_130      |   8|   0|    8|          0|
    |saved_131      |   8|   0|    8|          0|
    |saved_132      |   8|   0|    8|          0|
    |saved_133      |   8|   0|    8|          0|
    |saved_134      |   8|   0|    8|          0|
    |saved_135      |   8|   0|    8|          0|
    |saved_136      |   8|   0|    8|          0|
    |saved_137      |   8|   0|    8|          0|
    |saved_138      |   8|   0|    8|          0|
    |saved_139      |   8|   0|    8|          0|
    |saved_14       |   8|   0|    8|          0|
    |saved_140      |   8|   0|    8|          0|
    |saved_141      |   8|   0|    8|          0|
    |saved_142      |   8|   0|    8|          0|
    |saved_143      |   8|   0|    8|          0|
    |saved_144      |   8|   0|    8|          0|
    |saved_145      |   8|   0|    8|          0|
    |saved_146      |   8|   0|    8|          0|
    |saved_147      |   8|   0|    8|          0|
    |saved_148      |   8|   0|    8|          0|
    |saved_149      |   8|   0|    8|          0|
    |saved_15       |   8|   0|    8|          0|
    |saved_150      |   8|   0|    8|          0|
    |saved_151      |   8|   0|    8|          0|
    |saved_152      |   8|   0|    8|          0|
    |saved_16       |   8|   0|    8|          0|
    |saved_17       |   8|   0|    8|          0|
    |saved_18       |   8|   0|    8|          0|
    |saved_19       |   8|   0|    8|          0|
    |saved_2        |   8|   0|    8|          0|
    |saved_20       |   8|   0|    8|          0|
    |saved_21       |   8|   0|    8|          0|
    |saved_22       |   8|   0|    8|          0|
    |saved_23       |   8|   0|    8|          0|
    |saved_24       |   8|   0|    8|          0|
    |saved_25       |   8|   0|    8|          0|
    |saved_26       |   8|   0|    8|          0|
    |saved_27       |   8|   0|    8|          0|
    |saved_28       |   8|   0|    8|          0|
    |saved_29       |   8|   0|    8|          0|
    |saved_3        |   8|   0|    8|          0|
    |saved_30       |   8|   0|    8|          0|
    |saved_31       |   8|   0|    8|          0|
    |saved_32       |   8|   0|    8|          0|
    |saved_33       |   8|   0|    8|          0|
    |saved_34       |   8|   0|    8|          0|
    |saved_35       |   8|   0|    8|          0|
    |saved_36       |   8|   0|    8|          0|
    |saved_37       |   8|   0|    8|          0|
    |saved_38       |   8|   0|    8|          0|
    |saved_39       |   8|   0|    8|          0|
    |saved_4        |   8|   0|    8|          0|
    |saved_40       |   8|   0|    8|          0|
    |saved_41       |   8|   0|    8|          0|
    |saved_42       |   8|   0|    8|          0|
    |saved_43       |   8|   0|    8|          0|
    |saved_44       |   8|   0|    8|          0|
    |saved_45       |   8|   0|    8|          0|
    |saved_46       |   8|   0|    8|          0|
    |saved_47       |   8|   0|    8|          0|
    |saved_48       |   8|   0|    8|          0|
    |saved_49       |   8|   0|    8|          0|
    |saved_5        |   8|   0|    8|          0|
    |saved_50       |   8|   0|    8|          0|
    |saved_51       |   8|   0|    8|          0|
    |saved_52       |   8|   0|    8|          0|
    |saved_53       |   8|   0|    8|          0|
    |saved_54       |   8|   0|    8|          0|
    |saved_55       |   8|   0|    8|          0|
    |saved_56       |   8|   0|    8|          0|
    |saved_57       |   8|   0|    8|          0|
    |saved_58       |   8|   0|    8|          0|
    |saved_59       |   8|   0|    8|          0|
    |saved_6        |   8|   0|    8|          0|
    |saved_60       |   8|   0|    8|          0|
    |saved_61       |   8|   0|    8|          0|
    |saved_62       |   8|   0|    8|          0|
    |saved_63       |   8|   0|    8|          0|
    |saved_64       |   8|   0|    8|          0|
    |saved_65       |   8|   0|    8|          0|
    |saved_66       |   8|   0|    8|          0|
    |saved_67       |   8|   0|    8|          0|
    |saved_68       |   8|   0|    8|          0|
    |saved_69       |   8|   0|    8|          0|
    |saved_7        |   8|   0|    8|          0|
    |saved_70       |   8|   0|    8|          0|
    |saved_71       |   8|   0|    8|          0|
    |saved_72       |   8|   0|    8|          0|
    |saved_73       |   8|   0|    8|          0|
    |saved_74       |   8|   0|    8|          0|
    |saved_75       |   8|   0|    8|          0|
    |saved_76       |   8|   0|    8|          0|
    |saved_77       |   8|   0|    8|          0|
    |saved_78       |   8|   0|    8|          0|
    |saved_79       |   8|   0|    8|          0|
    |saved_8        |   8|   0|    8|          0|
    |saved_80       |   8|   0|    8|          0|
    |saved_81       |   8|   0|    8|          0|
    |saved_82       |   8|   0|    8|          0|
    |saved_83       |   8|   0|    8|          0|
    |saved_84       |   8|   0|    8|          0|
    |saved_85       |   8|   0|    8|          0|
    |saved_86       |   8|   0|    8|          0|
    |saved_87       |   8|   0|    8|          0|
    |saved_88       |   8|   0|    8|          0|
    |saved_89       |   8|   0|    8|          0|
    |saved_9        |   8|   0|    8|          0|
    |saved_90       |   8|   0|    8|          0|
    |saved_91       |   8|   0|    8|          0|
    |saved_92       |   8|   0|    8|          0|
    |saved_93       |   8|   0|    8|          0|
    |saved_94       |   8|   0|    8|          0|
    |saved_95       |   8|   0|    8|          0|
    |saved_96       |   8|   0|    8|          0|
    |saved_97       |   8|   0|    8|          0|
    |saved_98       |   8|   0|    8|          0|
    |saved_99       |   8|   0|    8|          0|
    |temp1_reg_569  |   8|   0|    8|          0|
    |tempOutAddr    |   7|   0|    7|          0|
    |tempOutVal     |   8|   0|    8|          0|
    +---------------+----+----+-----+-----------+
    |Total          |1049|   0| 1049|          0|
    +---------------+----+----+-----+-----------+



================================================================
== Interface
================================================================
* Summary: 
+--------------+-----+-----+------------+--------------+--------------+
|   RTL Ports  | Dir | Bits|  Protocol  | Source Object|    C Type    |
+--------------+-----+-----+------------+--------------+--------------+
|ap_clk        |  in |    1| ap_ctrl_hs |      mem     | return value |
|ap_rst        |  in |    1| ap_ctrl_hs |      mem     | return value |
|ap_start      |  in |    1| ap_ctrl_hs |      mem     | return value |
|ap_done       | out |    1| ap_ctrl_hs |      mem     | return value |
|ap_idle       | out |    1| ap_ctrl_hs |      mem     | return value |
|ap_ready      | out |    1| ap_ctrl_hs |      mem     | return value |
|addr          |  in |    7|   ap_none  |     addr     |    scalar    |
|we            |  in |    1|   ap_none  |      we      |    scalar    |
|re            |  in |    1|   ap_none  |      re      |    scalar    |
|out_r         | out |    8|   ap_vld   |     out_r    |    pointer   |
|out_r_ap_vld  | out |    1|   ap_vld   |     out_r    |    pointer   |
+--------------+-----+-----+------------+--------------+--------------+

