Report time       : Wed Apr 15 01:32:05 PDT 2020.
Solution          : solution2.
Simulation tool   : modelsim.

+----------+----------+-----------------------------------------------+-----------------------------------------------+
|          |          |                    Latency                    |                    Interval                   |
+   RTL    +  Status  +-----------------------------------------------+-----------------------------------------------+
|          |          |      min      |      avg      |      max      |      min      |      avg      |      max      |
+----------+----------+-----------------------------------------------+-----------------------------------------------+
|      VHDL|        NA|             NA|             NA|             NA|             NA|             NA|             NA|
|   Verilog|      Pass|              3|              3|              3|              1|              1|              1|
+----------+----------+-----------------------------------------------+-----------------------------------------------+
