Report time       : Sun Apr 12 22:54:49 PDT 2020.
Solution          : solution1.
Simulation tool   : modelsim.

+----------+----------+-----------------------------------------------+-----------------------------------------------+
|          |          |                    Latency                    |                    Interval                   |
+   RTL    +  Status  +-----------------------------------------------+-----------------------------------------------+
|          |          |      min      |      avg      |      max      |      min      |      avg      |      max      |
+----------+----------+-----------------------------------------------+-----------------------------------------------+
|      VHDL|        NA|             NA|             NA|             NA|             NA|             NA|             NA|
|   Verilog|      Pass|              1|              1|              1|              2|              2|              2|
+----------+----------+-----------------------------------------------+-----------------------------------------------+
