

================================================================
== Vivado HLS Report for 'mem'
================================================================
* Date:           Sun Apr 12 22:53:48 2020

* Version:        2019.1 (Build 2552052 on Fri May 24 15:28:33 MDT 2019)
* Project:        Mem
* Solution:       solution1
* Product family: virtex7
* Target device:  xc7vx485t-ffg1157-1


================================================================
== Performance Estimates
================================================================
+ Timing (ns): 
    * Summary: 
    +--------+-------+----------+------------+
    |  Clock | Target| Estimated| Uncertainty|
    +--------+-------+----------+------------+
    |ap_clk  |  10.00|     6.721|        1.25|
    +--------+-------+----------+------------+

+ Latency (clock cycles): 
    * Summary: 
    +-----+-----+-----+-----+---------+
    |  Latency  |  Interval | Pipeline|
    | min | max | min | max |   Type  |
    +-----+-----+-----+-----+---------+
    |    1|    1|    1|    1|   none  |
    +-----+-----+-----+-----+---------+

    + Detail: 
        * Instance: 
        N/A

        * Loop: 
        N/A

============================================================
+ Verbose Summary: Synthesis Manager
============================================================
InlineROM: 1
ExposeGlobal: 0
============================================================
+ Verbose Summary: CDFG Model
============================================================
IsTopModel: 1
ResetActiveHigh: 1
IsCombinational: 0
IsDatapathOnly: 0
HasWiredReturn: 1
HasMFsm: 0
HasVarLatency: 1
IsPipeline: 0
IsRtlPipelined: 0
IsInstanceOverlapped: 0
IsDontTouch: 0
HasImplIP: 0
IsGatedGlobalClock: 0


============================================================
+ Verbose Summary: Schedule
============================================================
* Number of FSM states : 2
* Pipeline : 0
* Dataflow Pipeline: 0

* FSM state transitions: 
1 --> 2 
2 --> 

* FSM state operations: 

State 1 <SV = 0> <Delay = 2.66>
ST_1 : Operation 3 [1/1] (0.00ns)   --->   "%addr_read = call i7 @_ssdm_op_Read.ap_auto.i7(i7 %addr) nounwind" [Mem/.settings/mem.c:3]   --->   Operation 3 'read' 'addr_read' <Predicate = true> <Delay = 0.00>
ST_1 : Operation 4 [1/1] (0.00ns)   --->   "%zext_ln8 = zext i7 %addr_read to i64" [Mem/.settings/mem.c:8]   --->   Operation 4 'zext' 'zext_ln8' <Predicate = true> <Delay = 0.00>
ST_1 : Operation 5 [1/1] (0.00ns)   --->   "%saved_addr = getelementptr inbounds [128 x i8]* @saved, i64 0, i64 %zext_ln8" [Mem/.settings/mem.c:8]   --->   Operation 5 'getelementptr' 'saved_addr' <Predicate = true> <Delay = 0.00>
ST_1 : Operation 6 [2/2] (2.66ns)   --->   "%temp = load i8* %saved_addr, align 1" [Mem/.settings/mem.c:8]   --->   Operation 6 'load' 'temp' <Predicate = true> <Delay = 2.66> <Core = "RAM">   --->   Core 37 'RAM' <Latency = 1> <II = 1> <Delay = 2.66> <Storage> <Opcode : 'load' 'store'> <Ports = 2> <Width = 8> <Depth = 128> <RAM>

State 2 <SV = 1> <Delay = 6.72>
ST_2 : Operation 7 [1/1] (0.00ns)   --->   "call void (...)* @_ssdm_op_SpecBitsMap(i7 %addr) nounwind, !map !7"   --->   Operation 7 'specbitsmap' <Predicate = true> <Delay = 0.00>
ST_2 : Operation 8 [1/1] (0.00ns)   --->   "call void (...)* @_ssdm_op_SpecBitsMap(i1 %we) nounwind, !map !13"   --->   Operation 8 'specbitsmap' <Predicate = true> <Delay = 0.00>
ST_2 : Operation 9 [1/1] (0.00ns)   --->   "call void (...)* @_ssdm_op_SpecBitsMap(i1 %re) nounwind, !map !17"   --->   Operation 9 'specbitsmap' <Predicate = true> <Delay = 0.00>
ST_2 : Operation 10 [1/1] (0.00ns)   --->   "call void (...)* @_ssdm_op_SpecBitsMap(i8* %out_r) nounwind, !map !21"   --->   Operation 10 'specbitsmap' <Predicate = true> <Delay = 0.00>
ST_2 : Operation 11 [1/1] (0.00ns)   --->   "call void (...)* @_ssdm_op_SpecTopModule([4 x i8]* @mem_str) nounwind"   --->   Operation 11 'spectopmodule' <Predicate = true> <Delay = 0.00>
ST_2 : Operation 12 [1/1] (0.00ns)   --->   "%re_read = call i1 @_ssdm_op_Read.ap_auto.i1(i1 %re) nounwind" [Mem/.settings/mem.c:3]   --->   Operation 12 'read' 're_read' <Predicate = true> <Delay = 0.00>
ST_2 : Operation 13 [1/1] (0.00ns)   --->   "%we_read = call i1 @_ssdm_op_Read.ap_auto.i1(i1 %we) nounwind" [Mem/.settings/mem.c:3]   --->   Operation 13 'read' 'we_read' <Predicate = true> <Delay = 0.00>
ST_2 : Operation 14 [1/2] (2.66ns)   --->   "%temp = load i8* %saved_addr, align 1" [Mem/.settings/mem.c:8]   --->   Operation 14 'load' 'temp' <Predicate = true> <Delay = 2.66> <Core = "RAM">   --->   Core 37 'RAM' <Latency = 1> <II = 1> <Delay = 2.66> <Storage> <Opcode : 'load' 'store'> <Ports = 2> <Width = 8> <Depth = 128> <RAM>
ST_2 : Operation 15 [1/1] (0.00ns)   --->   "%tempOutAddr_load = load i7* @tempOutAddr, align 1" [Mem/.settings/mem.c:22]   --->   Operation 15 'load' 'tempOutAddr_load' <Predicate = true> <Delay = 0.00>
ST_2 : Operation 16 [1/1] (0.00ns)   --->   "br i1 %we_read, label %1, label %7" [Mem/.settings/mem.c:10]   --->   Operation 16 'br' <Predicate = true> <Delay = 0.00>
ST_2 : Operation 17 [1/1] (0.00ns)   --->   "br i1 %re_read, label %8, label %._crit_edge2" [Mem/.settings/mem.c:31]   --->   Operation 17 'br' <Predicate = (!we_read)> <Delay = 0.00>
ST_2 : Operation 18 [1/1] (0.00ns)   --->   "%zext_ln32 = zext i7 %tempOutAddr_load to i8" [Mem/.settings/mem.c:32]   --->   Operation 18 'zext' 'zext_ln32' <Predicate = (!we_read & re_read)> <Delay = 0.00>
ST_2 : Operation 19 [1/1] (0.00ns)   --->   "call void @_ssdm_op_Write.ap_auto.i8P(i8* %out_r, i8 %zext_ln32) nounwind" [Mem/.settings/mem.c:32]   --->   Operation 19 'write' <Predicate = (!we_read & re_read)> <Delay = 0.00>
ST_2 : Operation 20 [1/1] (0.00ns)   --->   "br label %._crit_edge2" [Mem/.settings/mem.c:33]   --->   Operation 20 'br' <Predicate = (!we_read & re_read)> <Delay = 0.00>
ST_2 : Operation 21 [1/1] (0.00ns)   --->   "br label %9"   --->   Operation 21 'br' <Predicate = (!we_read)> <Delay = 0.00>
ST_2 : Operation 22 [1/1] (1.39ns)   --->   "%temp_1 = add i8 %temp, 1" [Mem/.settings/mem.c:12]   --->   Operation 22 'add' 'temp_1' <Predicate = (we_read)> <Delay = 1.39> <Core = "AddSub">   --->   Core 14 'AddSub' <Latency = 0> <II = 1> <Delay = 1.39> <FuncUnit> <Opcode : 'add' 'sub'> <InPorts = 2> <OutPorts = 1>
ST_2 : Operation 23 [1/1] (0.00ns)   --->   "%tempOutVal_load = load i8* @tempOutVal, align 1" [Mem/.settings/mem.c:14]   --->   Operation 23 'load' 'tempOutVal_load' <Predicate = (we_read)> <Delay = 0.00>
ST_2 : Operation 24 [1/1] (1.12ns)   --->   "%icmp_ln14 = icmp ult i8 %temp_1, %tempOutVal_load" [Mem/.settings/mem.c:14]   --->   Operation 24 'icmp' 'icmp_ln14' <Predicate = (we_read)> <Delay = 1.12> <Core = "Cmp">   --->   Core 25 'Cmp' <Latency = 0> <II = 1> <Delay = 1.12> <FuncUnit> <Opcode : 'icmp'> <InPorts = 2> <OutPorts = 1>
ST_2 : Operation 25 [1/1] (0.00ns)   --->   "br i1 %icmp_ln14, label %4, label %2" [Mem/.settings/mem.c:14]   --->   Operation 25 'br' <Predicate = (we_read)> <Delay = 0.00>
ST_2 : Operation 26 [1/1] (0.00ns)   --->   "store i8 %temp_1, i8* @tempOutVal, align 1" [Mem/.settings/mem.c:15]   --->   Operation 26 'store' <Predicate = (we_read & !icmp_ln14)> <Delay = 0.00>
ST_2 : Operation 27 [1/1] (0.00ns)   --->   "store i7 %addr_read, i7* @tempOutAddr, align 1" [Mem/.settings/mem.c:16]   --->   Operation 27 'store' <Predicate = (we_read & !icmp_ln14)> <Delay = 0.00>
ST_2 : Operation 28 [1/1] (0.00ns)   --->   "br i1 %re_read, label %3, label %._crit_edge" [Mem/.settings/mem.c:17]   --->   Operation 28 'br' <Predicate = (we_read & !icmp_ln14)> <Delay = 0.00>
ST_2 : Operation 29 [1/1] (0.00ns)   --->   "%zext_ln18 = zext i7 %addr_read to i8" [Mem/.settings/mem.c:18]   --->   Operation 29 'zext' 'zext_ln18' <Predicate = (we_read & re_read & !icmp_ln14)> <Delay = 0.00>
ST_2 : Operation 30 [1/1] (0.00ns)   --->   "call void @_ssdm_op_Write.ap_auto.i8P(i8* %out_r, i8 %zext_ln18) nounwind" [Mem/.settings/mem.c:18]   --->   Operation 30 'write' <Predicate = (we_read & re_read & !icmp_ln14)> <Delay = 0.00>
ST_2 : Operation 31 [1/1] (0.00ns)   --->   "br label %._crit_edge" [Mem/.settings/mem.c:19]   --->   Operation 31 'br' <Predicate = (we_read & re_read & !icmp_ln14)> <Delay = 0.00>
ST_2 : Operation 32 [1/1] (0.00ns)   --->   "br label %6" [Mem/.settings/mem.c:20]   --->   Operation 32 'br' <Predicate = (we_read & !icmp_ln14)> <Delay = 0.00>
ST_2 : Operation 33 [1/1] (0.00ns)   --->   "br i1 %re_read, label %5, label %._crit_edge1" [Mem/.settings/mem.c:21]   --->   Operation 33 'br' <Predicate = (we_read & icmp_ln14)> <Delay = 0.00>
ST_2 : Operation 34 [1/1] (0.00ns)   --->   "%zext_ln22 = zext i7 %tempOutAddr_load to i8" [Mem/.settings/mem.c:22]   --->   Operation 34 'zext' 'zext_ln22' <Predicate = (we_read & re_read & icmp_ln14)> <Delay = 0.00>
ST_2 : Operation 35 [1/1] (0.00ns)   --->   "call void @_ssdm_op_Write.ap_auto.i8P(i8* %out_r, i8 %zext_ln22) nounwind" [Mem/.settings/mem.c:22]   --->   Operation 35 'write' <Predicate = (we_read & re_read & icmp_ln14)> <Delay = 0.00>
ST_2 : Operation 36 [1/1] (0.00ns)   --->   "br label %._crit_edge1" [Mem/.settings/mem.c:23]   --->   Operation 36 'br' <Predicate = (we_read & re_read & icmp_ln14)> <Delay = 0.00>
ST_2 : Operation 37 [1/1] (0.00ns)   --->   "br label %6"   --->   Operation 37 'br' <Predicate = (we_read & icmp_ln14)> <Delay = 0.00>
ST_2 : Operation 38 [1/1] (2.66ns)   --->   "store i8 %temp_1, i8* %saved_addr, align 1" [Mem/.settings/mem.c:26]   --->   Operation 38 'store' <Predicate = (we_read)> <Delay = 2.66> <Core = "RAM">   --->   Core 37 'RAM' <Latency = 1> <II = 1> <Delay = 2.66> <Storage> <Opcode : 'load' 'store'> <Ports = 2> <Width = 8> <Depth = 128> <RAM>
ST_2 : Operation 39 [1/1] (0.00ns)   --->   "br label %9" [Mem/.settings/mem.c:30]   --->   Operation 39 'br' <Predicate = (we_read)> <Delay = 0.00>
ST_2 : Operation 40 [1/1] (0.00ns)   --->   "ret void" [Mem/.settings/mem.c:39]   --->   Operation 40 'ret' <Predicate = true> <Delay = 0.00>


============================================================
+ Verbose Summary: Timing violations
============================================================
Target clock period: 10ns, clock uncertainty: 1.25ns.

 <State 1>: 2.66ns
The critical path consists of the following:
	wire read on port 'addr' (Mem/.settings/mem.c:3) [15]  (0 ns)
	'getelementptr' operation ('saved_addr', Mem/.settings/mem.c:8) [17]  (0 ns)
	'load' operation ('temp', Mem/.settings/mem.c:8) on array 'saved' [18]  (2.66 ns)

 <State 2>: 6.72ns
The critical path consists of the following:
	'load' operation ('temp', Mem/.settings/mem.c:8) on array 'saved' [18]  (2.66 ns)
	'add' operation ('temp', Mem/.settings/mem.c:12) [30]  (1.39 ns)
	'store' operation ('store_ln26', Mem/.settings/mem.c:26) of variable 'temp', Mem/.settings/mem.c:12 on array 'saved' [53]  (2.66 ns)


============================================================
+ Verbose Summary: Binding
============================================================
N/A
* FSMD analyzer results:
  - Output states:
 - Input state : 
  - Chain level:
	State 1
	State 2


============================================================
+ Verbose Summary: Datapath Resource usage 
============================================================
N/A
