

================================================================
== Vivado HLS Report for 'mem'
================================================================
* Date:           Mon Feb 24 00:14:14 2020

* Version:        2019.1 (Build 2552052 on Fri May 24 15:28:33 MDT 2019)
* Project:        Mem
* Solution:       solution1
* Product family: virtex7
* Target device:  xc7vx485t-ffg1157-1


================================================================
== Performance Estimates
================================================================
+ Timing (ns): 
    * Summary: 
    +--------+-------+----------+------------+
    |  Clock | Target| Estimated| Uncertainty|
    +--------+-------+----------+------------+
    |ap_clk  |  10.00|     7.196|        1.25|
    +--------+-------+----------+------------+

+ Latency (clock cycles): 
    * Summary: 
    +-----+-----+-----+-----+---------+
    |  Latency  |  Interval | Pipeline|
    | min | max | min | max |   Type  |
    +-----+-----+-----+-----+---------+
    |    1|    1|    1|    1|   none  |
    +-----+-----+-----+-----+---------+

    + Detail: 
        * Instance: 
        N/A

        * Loop: 
        N/A

============================================================
+ Verbose Summary: Synthesis Manager
============================================================
InlineROM: 1
ExposeGlobal: 0
============================================================
+ Verbose Summary: CDFG Model
============================================================
IsTopModel: 1
ResetActiveHigh: 1
IsCombinational: 0
IsDatapathOnly: 0
HasWiredReturn: 1
HasMFsm: 0
HasVarLatency: 1
IsPipeline: 0
IsRtlPipelined: 0
IsInstanceOverlapped: 0
IsDontTouch: 0
HasImplIP: 0
IsGatedGlobalClock: 0


============================================================
+ Verbose Summary: Schedule
============================================================
* Number of FSM states : 2
* Pipeline : 0
* Dataflow Pipeline: 0

* FSM state transitions: 
1 --> 2 
2 --> 

* FSM state operations: 

State 1 <SV = 0> <Delay = 2.66>
ST_1 : Operation 3 [1/1] (0.00ns)   --->   "%wr_addr_read = call i7 @_ssdm_op_Read.ap_auto.i7(i7 %wr_addr) nounwind" [Mem/.settings/mem.c:6]   --->   Operation 3 'read' 'wr_addr_read' <Predicate = true> <Delay = 0.00>
ST_1 : Operation 4 [1/1] (0.00ns)   --->   "%sext_ln9 = sext i7 %wr_addr_read to i64" [Mem/.settings/mem.c:9]   --->   Operation 4 'sext' 'sext_ln9' <Predicate = true> <Delay = 0.00>
ST_1 : Operation 5 [1/1] (0.00ns)   --->   "%saved_addr = getelementptr inbounds [128 x i8]* @saved, i64 0, i64 %sext_ln9" [Mem/.settings/mem.c:9]   --->   Operation 5 'getelementptr' 'saved_addr' <Predicate = true> <Delay = 0.00>
ST_1 : Operation 6 [2/2] (2.66ns)   --->   "%temp1 = load i8* %saved_addr, align 1" [Mem/.settings/mem.c:9]   --->   Operation 6 'load' 'temp1' <Predicate = true> <Delay = 2.66> <Core = "RAM">   --->   Core 37 'RAM' <Latency = 1> <II = 1> <Delay = 2.66> <Storage> <Opcode : 'load' 'store'> <Ports = 2> <Width = 8> <Depth = 128> <RAM>

State 2 <SV = 1> <Delay = 7.19>
ST_2 : Operation 7 [1/1] (0.00ns)   --->   "call void (...)* @_ssdm_op_SpecBitsMap(i7 %wr_addr) nounwind, !map !7"   --->   Operation 7 'specbitsmap' <Predicate = true> <Delay = 0.00>
ST_2 : Operation 8 [1/1] (0.00ns)   --->   "call void (...)* @_ssdm_op_SpecBitsMap(i7 %rd_addr) nounwind, !map !13"   --->   Operation 8 'specbitsmap' <Predicate = true> <Delay = 0.00>
ST_2 : Operation 9 [1/1] (0.00ns)   --->   "call void (...)* @_ssdm_op_SpecBitsMap(i1 %we) nounwind, !map !17"   --->   Operation 9 'specbitsmap' <Predicate = true> <Delay = 0.00>
ST_2 : Operation 10 [1/1] (0.00ns)   --->   "call void (...)* @_ssdm_op_SpecBitsMap(i1 %re) nounwind, !map !21"   --->   Operation 10 'specbitsmap' <Predicate = true> <Delay = 0.00>
ST_2 : Operation 11 [1/1] (0.00ns)   --->   "call void (...)* @_ssdm_op_SpecBitsMap(i8* %out_r) nounwind, !map !25"   --->   Operation 11 'specbitsmap' <Predicate = true> <Delay = 0.00>
ST_2 : Operation 12 [1/1] (0.00ns)   --->   "call void (...)* @_ssdm_op_SpecTopModule([4 x i8]* @mem_str) nounwind"   --->   Operation 12 'spectopmodule' <Predicate = true> <Delay = 0.00>
ST_2 : Operation 13 [1/1] (0.00ns)   --->   "%re_read = call i1 @_ssdm_op_Read.ap_auto.i1(i1 %re) nounwind" [Mem/.settings/mem.c:6]   --->   Operation 13 'read' 're_read' <Predicate = true> <Delay = 0.00>
ST_2 : Operation 14 [1/1] (0.00ns)   --->   "%we_read = call i1 @_ssdm_op_Read.ap_auto.i1(i1 %we) nounwind" [Mem/.settings/mem.c:6]   --->   Operation 14 'read' 'we_read' <Predicate = true> <Delay = 0.00>
ST_2 : Operation 15 [1/2] (2.66ns)   --->   "%temp1 = load i8* %saved_addr, align 1" [Mem/.settings/mem.c:9]   --->   Operation 15 'load' 'temp1' <Predicate = true> <Delay = 2.66> <Core = "RAM">   --->   Core 37 'RAM' <Latency = 1> <II = 1> <Delay = 2.66> <Storage> <Opcode : 'load' 'store'> <Ports = 2> <Width = 8> <Depth = 128> <RAM>
ST_2 : Operation 16 [1/1] (1.39ns)   --->   "%temp1_1 = add i8 %temp1, 1" [Mem/.settings/mem.c:12]   --->   Operation 16 'add' 'temp1_1' <Predicate = true> <Delay = 1.39> <Core = "AddSub">   --->   Core 14 'AddSub' <Latency = 0> <II = 1> <Delay = 1.39> <FuncUnit> <Opcode : 'add' 'sub'> <InPorts = 2> <OutPorts = 1>
ST_2 : Operation 17 [1/1] (0.47ns)   --->   "%temp1_3 = select i1 %we_read, i8 %temp1_1, i8 %temp1" [Mem/.settings/mem.c:11]   --->   Operation 17 'select' 'temp1_3' <Predicate = true> <Delay = 0.47> <Core = "Sel">   --->   Core 26 'Sel' <Latency = 0> <II = 1> <Delay = 0.47> <FuncUnit> <Opcode : 'select'> <InPorts = 3> <OutPorts = 1>
ST_2 : Operation 18 [1/1] (2.66ns)   --->   "store i8 %temp1_3, i8* %saved_addr, align 1" [Mem/.settings/mem.c:14]   --->   Operation 18 'store' <Predicate = true> <Delay = 2.66> <Core = "RAM">   --->   Core 37 'RAM' <Latency = 1> <II = 1> <Delay = 2.66> <Storage> <Opcode : 'load' 'store'> <Ports = 2> <Width = 8> <Depth = 128> <RAM>
ST_2 : Operation 19 [1/1] (0.00ns)   --->   "br i1 %re_read, label %1, label %._crit_edge" [Mem/.settings/mem.c:18]   --->   Operation 19 'br' <Predicate = true> <Delay = 0.00>
ST_2 : Operation 20 [1/1] (0.00ns)   --->   "call void @_ssdm_op_Write.ap_auto.i8P(i8* %out_r, i8 %temp1_3) nounwind" [Mem/.settings/mem.c:19]   --->   Operation 20 'write' <Predicate = (re_read)> <Delay = 0.00>
ST_2 : Operation 21 [1/1] (0.00ns)   --->   "br label %._crit_edge" [Mem/.settings/mem.c:20]   --->   Operation 21 'br' <Predicate = (re_read)> <Delay = 0.00>
ST_2 : Operation 22 [1/1] (0.00ns)   --->   "ret void" [Mem/.settings/mem.c:23]   --->   Operation 22 'ret' <Predicate = true> <Delay = 0.00>


============================================================
+ Verbose Summary: Timing violations
============================================================
Target clock period: 10ns, clock uncertainty: 1.25ns.

 <State 1>: 2.66ns
The critical path consists of the following:
	wire read on port 'wr_addr' (Mem/.settings/mem.c:6) [15]  (0 ns)
	'getelementptr' operation ('saved_addr', Mem/.settings/mem.c:9) [17]  (0 ns)
	'load' operation ('temp1', Mem/.settings/mem.c:9) on array 'saved' [18]  (2.66 ns)

 <State 2>: 7.2ns
The critical path consists of the following:
	'load' operation ('temp1', Mem/.settings/mem.c:9) on array 'saved' [18]  (2.66 ns)
	'add' operation ('temp1', Mem/.settings/mem.c:12) [19]  (1.39 ns)
	'select' operation ('temp1', Mem/.settings/mem.c:11) [20]  (0.475 ns)
	'store' operation ('store_ln14', Mem/.settings/mem.c:14) of variable 'temp1', Mem/.settings/mem.c:11 on array 'saved' [21]  (2.66 ns)


============================================================
+ Verbose Summary: Binding
============================================================
N/A
* FSMD analyzer results:
  - Output states:
 - Input state : 
  - Chain level:
	State 1
	State 2


============================================================
+ Verbose Summary: Datapath Resource usage 
============================================================
N/A
